// Jest Snapshot v1, https://goo.gl/fbAQLP

exports[`renders as expected 1`] = `
<div>
  <p
    className="App-intro"
  >
    To get started, edit 
    <code>
      src/App.js
    </code>
     and save to reload.
  </p>
  <p>
    <button
      onClick={[Function]}
    >
      Test Button
    </button>
  </p>
  <p>
    Click Counter: 
    0
  </p>
</div>
`;
